version https://git-lfs.github.com/spec/v1
oid sha256:a5b7640b7009acdafc90aa81d24ae882a37b48071030fb219596a77578fbe42a
size 92778496
