version https://git-lfs.github.com/spec/v1
oid sha256:63936573cbd5791d21d28ee7a6efcccc6f55df7ba3bd1b62dae70c7a96767a12
size 57069568
