version https://git-lfs.github.com/spec/v1
oid sha256:a9bff020894cc683b494acee230d62c9a3a38759e5b110d01a065700642a687d
size 157184000
